// Jest Snapshot v1, https://goo.gl/fbAQLP

exports[`Testing Filter component if it matches snapshot 1`] = `
"<Filter handleChange={[Function: handleChange]}>
  <div>
    <input placeholder=\\"Filter by name\\" className=\\"filter-input\\" type=\\"text\\" onChange={[Function: handleChange]} />
  </div>
</Filter>"
`;
