// Jest Snapshot v1, https://goo.gl/fbAQLP

exports[`Testing LeftPanel component if it makes Customers active 1`] = `
<div
  className="left-panel"
>
  <a
    href="/Customers"
    onClick={[Function]}
  >
    <button
      className="btn active"
      id="Customers"
      type="button"
    >
      Customers
    </button>
  </a>
  <a
    href="/Items"
    onClick={[Function]}
  >
    <button
      className="btn "
      id="Items"
      type="button"
    >
      Items
    </button>
  </a>
  <a
    href="/Invoices"
    onClick={[Function]}
  >
    <button
      className="btn "
      id="Invoices"
      type="button"
    >
      Invoices
    </button>
  </a>
</div>
`;

exports[`Testing LeftPanel component if it makes Invoices active 1`] = `
<div
  className="left-panel"
>
  <a
    href="/Customers"
    onClick={[Function]}
  >
    <button
      className="btn "
      id="Customers"
      type="button"
    >
      Customers
    </button>
  </a>
  <a
    href="/Items"
    onClick={[Function]}
  >
    <button
      className="btn "
      id="Items"
      type="button"
    >
      Items
    </button>
  </a>
  <a
    href="/Invoices"
    onClick={[Function]}
  >
    <button
      className="btn active"
      id="Invoices"
      type="button"
    >
      Invoices
    </button>
  </a>
</div>
`;

exports[`Testing LeftPanel component if it makes Items active 1`] = `
<div
  className="left-panel"
>
  <a
    href="/Customers"
    onClick={[Function]}
  >
    <button
      className="btn "
      id="Customers"
      type="button"
    >
      Customers
    </button>
  </a>
  <a
    href="/Items"
    onClick={[Function]}
  >
    <button
      className="btn active"
      id="Items"
      type="button"
    >
      Items
    </button>
  </a>
  <a
    href="/Invoices"
    onClick={[Function]}
  >
    <button
      className="btn "
      id="Invoices"
      type="button"
    >
      Invoices
    </button>
  </a>
</div>
`;
